// Jest Snapshot v1, https://goo.gl/fbAQLP

exports[`Form Should match the snapshot 1`] = `
<section
  className="reservations"
>
  <Reservation
    id={1}
    key="1"
    name="steve"
  />
  <Reservation
    id={2}
    key="2"
    name="bob"
  />
  <Reservation
    id={3}
    key="3"
    name="nancy"
  />
</section>
`;
